// Jest Snapshot v1, https://goo.gl/fbAQLP

exports[`Button Component matches snapshot 1`] = `
<DocumentFragment>
  <button
    class="w-full bg-indigo-600 text-white py-2 rounded-md hover:bg-indigo-700 transition disabled:bg-gray-300 disabled:cursor-not-allowed flex justify-center items-center undefined"
  >
    Snapshot Button
  </button>
</DocumentFragment>
`;
