// Jest Snapshot v1, https://goo.gl/fbAQLP

exports[`LoadingOverlay Component matches snapshot 1`] = `
<DocumentFragment>
  <div
    aria-hidden="true"
    class="fixed inset-0 bg-black bg-opacity-50 flex items-center justify-center z-50"
  >
    <div
      class="bg-white rounded-lg p-8"
    >
      <div
        class="animate-spin rounded-full h-12 w-12 border-b-2 border-blue-600"
      />
    </div>
  </div>
</DocumentFragment>
`;
